// Jest Snapshot v1, https://goo.gl/fbAQLP

exports[`Footer must to be rendered correctly renders properly 1`] = `ShallowWrapper {}`;
